# Copyright (c) 2026 Arista Networks, Inc.
# Use of this source code is governed by the Apache License 2.0
# that can be found in the LICENSE file.

from __future__ import annotations

from typing import TYPE_CHECKING, ClassVar

from pyavd._schema.models.avd_indexed_list import AvdIndexedList
from pyavd._schema.models.avd_list import AvdList
from pyavd._schema.models.avd_model import AvdModel

if TYPE_CHECKING:
    from pyavd._utils import Undefined, UndefinedType


class SchemaGenerationFixture(AvdModel):
    """Subclass of AvdModel."""

    class InterfaceProfilesItem(AvdModel):
        """Subclass of AvdModel."""

        class Commands(AvdList[str]):
            """Subclass of AvdList with `str` items."""

        Commands._item_type = str

        _fields: ClassVar[dict] = {"name": {"type": str}, "commands": {"type": Commands}}
        name: str
        """Interface-Profile Name."""
        commands: Commands
        """Subclass of AvdList with `str` items."""

        if TYPE_CHECKING:

            def __init__(self, *, name: str | UndefinedType = Undefined, commands: Commands | UndefinedType = Undefined) -> None:
                """
                InterfaceProfilesItem.

                Subclass of AvdModel.

                Args:
                    name: Interface-Profile Name.
                    commands: Subclass of AvdList with `str` items.

                """

    class InterfaceProfiles(AvdIndexedList[str, InterfaceProfilesItem]):
        """Subclass of AvdIndexedList with `InterfaceProfilesItem` items. Primary key is `name` (`str`)."""

        _primary_key: ClassVar[str] = "name"

    InterfaceProfiles._item_type = InterfaceProfilesItem

    _fields: ClassVar[dict] = {"interface_profiles": {"type": InterfaceProfiles}}
    _allow_other_keys: ClassVar[bool] = True
    interface_profiles: InterfaceProfiles
    """Subclass of AvdIndexedList with `InterfaceProfilesItem` items. Primary key is `name` (`str`)."""

    if TYPE_CHECKING:

        def __init__(self, *, interface_profiles: InterfaceProfiles | UndefinedType = Undefined) -> None:
            """
            SchemaGenerationFixture.

            Subclass of AvdModel.

            Args:
                interface_profiles: Subclass of AvdIndexedList with `InterfaceProfilesItem` items. Primary key is `name` (`str`).

            """
